Name("a")
Newline
Indent
Name("b")
Newline
Indent
Name("c")
Newline
Dedent
Dedent
End
