Integer("1")
Integer("2")
Newline
Integer("3")
Fail: Invalid token beginning
