Fail: Params after one having default should all have default
