0
123
-123
0.000000
-0.000000
123.500000
-0.750000
