StmtExpr(ExprTuple(ExprLiteral(LitInteger(1)), ExprCall(ExprName("f"), [ExprLiteral(LitInteger(2)), ExprLiteral(LitEllipse)]), ExprBinary("add", ExprMember(ExprName("a"), b), ExprLiteral(LitInteger(1)))))
StmtExpr(ExprTuple(ExprLiteral(LitInteger(1)), ExprCall(ExprName("f"), [ExprLiteral(LitInteger(2)), ExprLiteral(LitEllipse)]), ExprBinary("add", ExprMember(ExprName("a"), b), ExprLiteral(LitInteger(1)))))

StmtExpr(ExprTuple(ExprBinary("add", ExprLiteral(LitInteger(1)), ExprLiteral(LitInteger(1))), ExprCall(ExprName("f"), [ExprBinary("mul", ExprLiteral(LitInteger(2)), ExprLiteral(LitInteger(3))), ExprUnary("inv", ExprLiteral(LitInteger(2)))]), ExprUnary("inv", ExprUnary("neg", ExprLiteral(LitInteger(3)))), ExprUnary("pos", ExprUnary("neg", ExprUnary("pos", ExprUnary("pos", ExprUnary("neg", ExprUnary("pos", ExprUnary("neg", ExprLiteral(LitInteger(4)))))))))))
StmtExpr(ExprTuple(ExprLiteral(LitInteger(2)), ExprCall(ExprName("f"), [ExprLiteral(LitInteger(6)), ExprLiteral(LitInteger(-3))]), ExprLiteral(LitInteger(2)), ExprLiteral(LitInteger(-4))))

StmtExpr(ExprTuple(ExprBinary("add", ExprBinary("add", ExprName("a"), ExprLiteral(LitInteger(1))), ExprLiteral(LitInteger(2))), ExprBinary("add", ExprName("a"), ExprBinary("add", ExprLiteral(LitInteger(1)), ExprLiteral(LitInteger(2))))))
StmtExpr(ExprTuple(ExprBinary("add", ExprBinary("add", ExprName("a"), ExprLiteral(LitInteger(1))), ExprLiteral(LitInteger(2))), ExprBinary("add", ExprName("a"), ExprLiteral(LitInteger(3)))))

StmtExpr(ExprTuple(ExprBinary("add", ExprLiteral(LitInteger(10)), ExprLiteral(LitInteger(2))), ExprBinary("sub", ExprLiteral(LitInteger(10)), ExprLiteral(LitInteger(2))), ExprBinary("mul", ExprLiteral(LitInteger(10)), ExprLiteral(LitInteger(2))), ExprBinary("div", ExprLiteral(LitInteger(10)), ExprLiteral(LitInteger(2))), ExprBinary("mod", ExprLiteral(LitInteger(10)), ExprLiteral(LitInteger(2)))))
StmtExpr(ExprTuple(ExprLiteral(LitInteger(12)), ExprLiteral(LitInteger(8)), ExprLiteral(LitInteger(20)), ExprLiteral(LitInteger(5)), ExprLiteral(LitInteger(0))))

StmtExpr(ExprBinary("sub", ExprBinary("add", ExprLiteral(LitInteger(1)), ExprBinary("mul", ExprLiteral(LitInteger(2)), ExprLiteral(LitInteger(3)))), ExprUnary("inv", ExprLiteral(LitInteger(4)))))
StmtExpr(ExprLiteral(LitInteger(12)))

End
