StmtExpr(ExprBinary("add", ExprLiteral(LitInteger(1)), ExprLiteral(LitEllipse)))
Fold error: Invalid binary op for LitInteger
