StmtExpr(ExprUnary("-", ExprLiteral(LitEllipse)))
Fold error: Invalid unary op for LitEllipse
