Keyword("if")
Name("iff")
Name("aaa123")
Symbol("+")
Integer("321")
Name("aaa")
Newline
Symbol("...")
Symbol(".")
Symbol("...")
Symbol(".")
Symbol(".")
Symbol(".")
Newline
Keyword("True")
Keyword("False")
Keyword("None")
Newline
String("123")
String("2\n34")
Newline
String("a\n\"b'")
String("\"3'9\\")
Newline
End
