Name("a")
Indent
Name("b")
Indent
Name("c")
Dedent
Dedent
End
