Indent
Name("begin")
Newline
Dedent
Name("a")
Newline
Indent
Name("b")
Newline
Name("c")
Newline
Indent
Name("d")
Newline
Dedent
Name("e")
Newline
Indent
Name("f")
Newline
Dedent
Dedent
Indent
Name("g")
Newline
Name("h")
Newline
Dedent
Name("a")
Newline
Indent
Name("b")
Newline
Indent
Name("c")
Dedent
Dedent
End
