Integer("1")
Integer("2")
Integer("3")
Fail: Invalid token beginning
