LitEllipse
LitBool(true)
LitBool(false)
LitInteger(123)
ExprUnary("neg", ExprName("a"))
ExprTuple(ExprLiteral(LitEllipse), ExprCall(ExprName("func"), [ExprBinary("add", ExprLiteral(LitBool(true)), ExprUnary("inv", ExprLiteral(LitInteger(1)))), ExprMember(ExprName("a"), b)]))
