Start(Local size = 7):
0: %0 = 1
1: %1 = __intrinsic__get_global0()
2: %2 = "a"
3: %1 = __intrinsic__dict_set3(%1, %2, %0)
4: %0 = 2
5: %1 = "a"
6: %2 = __intrinsic__get_global0()
7: %3 = "__builtin__global_get"
8: %4 = None
9: %2 = __intrinsic__dict_get3(%2, %3, %4)
10: %1 = __intrinsic__tuple_make_(%1)
11: %1 = __intrinsic__v_call2(%2, %1)
12: %0 = __intrinsic__tuple_make_(%0, %1)
13: %1 = 0
14: %2 = __intrinsic__get_global0()
15: %3 = "__builtin__index"
16: %4 = None
17: %2 = __intrinsic__dict_get3(%2, %3, %4)
18: %1 = __intrinsic__tuple_make_(%0, %1)
19: %1 = __intrinsic__v_call2(%2, %1)
20: %2 = __intrinsic__get_global0()
21: %3 = "a"
22: %1 = __intrinsic__dict_set3(%2, %3, %1)
23: %1 = 1
24: %2 = __intrinsic__get_global0()
25: %3 = "__builtin__index"
26: %4 = None
27: %2 = __intrinsic__dict_get3(%2, %3, %4)
28: %1 = __intrinsic__tuple_make_(%0, %1)
29: %1 = __intrinsic__v_call2(%2, %1)
30: %2 = __intrinsic__get_global0()
31: %3 = "b"
32: %1 = __intrinsic__dict_set3(%2, %3, %1)
33: %0 = "i"
34: %1 = __intrinsic__get_global0()
35: %2 = "__builtin__global_get"
36: %3 = None
37: %1 = __intrinsic__dict_get3(%1, %2, %3)
38: %0 = __intrinsic__tuple_make_(%0)
39: %0 = __intrinsic__v_call2(%1, %0)
40: %1 = __intrinsic__tuple_make_()
41: %2 = __intrinsic__get_global0()
42: %3 = "__builtin__call"
43: %4 = None
44: %2 = __intrinsic__dict_get3(%2, %3, %4)
45: %0 = __intrinsic__tuple_make_(%0, %1)
46: %0 = __intrinsic__v_call2(%2, %0)
47: %1 = "f"
48: %2 = __intrinsic__get_global0()
49: %3 = "__builtin__global_get"
50: %4 = None
51: %2 = __intrinsic__dict_get3(%2, %3, %4)
52: %1 = __intrinsic__tuple_make_(%1)
53: %1 = __intrinsic__v_call2(%2, %1)
54: %2 = __intrinsic__tuple_make_()
55: %3 = __intrinsic__get_global0()
56: %4 = "__builtin__call"
57: %5 = None
58: %3 = __intrinsic__dict_get3(%3, %4, %5)
59: %1 = __intrinsic__tuple_make_(%1, %2)
60: %1 = __intrinsic__v_call2(%3, %1)
61: %2 = "a"
62: %3 = __intrinsic__get_global0()
63: %4 = "__builtin__setattr"
64: %5 = None
65: %3 = __intrinsic__dict_get3(%3, %4, %5)
66: %1 = __intrinsic__tuple_make_(%1, %2, %0)
67: %1 = __intrinsic__v_call2(%3, %1)
68: %1 = 0
69: %2 = __intrinsic__get_global0()
70: %3 = "__builtin__index"
71: %4 = None
72: %2 = __intrinsic__dict_get3(%2, %3, %4)
73: %1 = __intrinsic__tuple_make_(%0, %1)
74: %1 = __intrinsic__v_call2(%2, %1)
75: %2 = "g"
76: %3 = __intrinsic__get_global0()
77: %4 = "__builtin__global_get"
78: %5 = None
79: %3 = __intrinsic__dict_get3(%3, %4, %5)
80: %2 = __intrinsic__tuple_make_(%2)
81: %2 = __intrinsic__v_call2(%3, %2)
82: %3 = __intrinsic__tuple_make_()
83: %4 = __intrinsic__get_global0()
84: %5 = "__builtin__call"
85: %6 = None
86: %4 = __intrinsic__dict_get3(%4, %5, %6)
87: %2 = __intrinsic__tuple_make_(%2, %3)
88: %2 = __intrinsic__v_call2(%4, %2)
89: %3 = 3
90: %4 = __intrinsic__get_global0()
91: %5 = "__builtin__setitem"
92: %6 = None
93: %4 = __intrinsic__dict_get3(%4, %5, %6)
94: %1 = __intrinsic__tuple_make_(%2, %3, %1)
95: %1 = __intrinsic__v_call2(%4, %1)
96: %1 = 1
97: %2 = __intrinsic__get_global0()
98: %3 = "__builtin__index"
99: %4 = None
100: %2 = __intrinsic__dict_get3(%2, %3, %4)
101: %1 = __intrinsic__tuple_make_(%0, %1)
102: %1 = __intrinsic__v_call2(%2, %1)
103: %2 = __intrinsic__get_global0()
104: %3 = "h"
105: %1 = __intrinsic__dict_set3(%2, %3, %1)


