Gen fail: Cannot find nonlocal in ancestor scopes
