Std done

0
10
[20, 30, 40, -5, -6, -7, -8, -9]
Done
