Std done

Hello world
1 + 1 = 2

Cat Kitty : Meow
Dog Mike : Wow
ERR NotImplementedError("Cannot hug an abstract Animal",)
Done
