StmtExpr(ExprUnary("neg", ExprLiteral(LitEllipse)))
Fold error: Invalid unary op for LitEllipse
