Start(Local size = 2):
0: %0 = "Hello, world!\n"
1: %0 = __intrinsic__print1(%0)
2: %0 = 114
3: %0 = __intrinsic__int_to_str1(%0)
4: %0 = __intrinsic__print1(%0)
5: %0 = 514
6: %0 = __intrinsic__int_to_str1(%0)
7: %1 = "\n"
8: %0 = __intrinsic__str_concat2(%0, %1)
9: %0 = __intrinsic__print1(%0)


Hello, world!
114514
Done
